........F....................F                                           [100%]
================================== FAILURES ===================================
_______________ TestDocxParsing.test_extracts_projects_bullets ________________
test_tailor.py:115: in test_extracts_projects_bullets
    assert "hybrid QA automation" in proj_texts[0].lower()
E   AssertionError: assert 'hybrid QA automation' in 'architected a production-grade hybrid qa automation framework'
E    +  where 'architected a production-grade hybrid qa automation framework' = <built-in method lower of str object at 0x000001ACC8E39BC0>()
E    +    where <built-in method lower of str object at 0x000001ACC8E39BC0> = 'Architected a production-grade hybrid QA automation framework'.lower
__________________ TestEndToEnd.test_full_pipeline_in_memory __________________
test_tailor.py:316: in test_full_pipeline_in_memory
    doc_bytes = save_doc_to_bytes(doc)
                ^^^^^^^^^^^^^^^^^
E   NameError: name 'save_doc_to_bytes' is not defined
============================== warnings summary ===============================
tailor.py:17
  C:\Learnings\projects\my-ats\tailor.py:17: FutureWarning: 
  
  All support for the `google.generativeai` package has ended. It will no longer be receiving 
  updates or bug fixes. Please switch to the `google.genai` package as soon as possible.
  See README for more details:
  
  https://github.com/google-gemini/deprecated-generative-ai-python/blob/main/README.md
  
    import google.generativeai as genai

-- Docs: https://docs.pytest.org/en/stable/how-to/capture-warnings.html
=========================== short test summary info ===========================
FAILED test_tailor.py::TestDocxParsing::test_extracts_projects_bullets - Asse...
FAILED test_tailor.py::TestEndToEnd::test_full_pipeline_in_memory - NameError...
2 failed, 28 passed, 1 warning in 1.39s
